{"TextInlines-test/unit_tests/classinnerfunctiontimeout.js-1-20":{"impacted":["test/unit_tests/classinnerfunctiontimeout.js"]},"test/unit_tests/classinnerfunctiontimeout.js":{"impacted":["TextInlines-test/unit_tests/classinnerfunctiontimeout.js-1-20"]},"buildInlines-test/unit_tests/classinnerfunctiontimeout.js-6-19":{"impacted":["test/unit_tests/classinnerfunctiontimeout.js"]}}