{"adder-test/unit_tests/eventssinglelistener.js-9-11":{"impacted":["test/unit_tests/eventssinglelistener.js","emitter-test/unit_tests/eventssinglelistener.js-17-19"]},"adder2-test/unit_tests/eventssinglelistener.js-13-15":{"impacted":["test/unit_tests/eventssinglelistener.js"]},"emitter-test/unit_tests/eventssinglelistener.js-17-19":{"impacted":["test/unit_tests/eventssinglelistener.js","adder-test/unit_tests/eventssinglelistener.js-9-11","listner1-test/unit_tests/eventssinglelistener.js-4-6"]}}