{"listner1-test/unit_tests/eventscallthenaddlistenerdependency.js-4-6":{"impacted":["test/unit_tests/eventscallthenaddlistenerdependency.js"]},"adderFunction-test/unit_tests/eventscallthenaddlistenerdependency.js-8-10":{"impacted":["test/unit_tests/eventscallthenaddlistenerdependency.js"]}}