{"adder-test/unit_tests/eventsnestedemitterlisteners.js-15-17":{"impacted":["test/unit_tests/eventsnestedemitterlisteners.js","emitter-test/unit_tests/eventsnestedemitterlisteners.js-24-26"]},"adder2-test/unit_tests/eventsnestedemitterlisteners.js-19-22":{"impacted":["test/unit_tests/eventsnestedemitterlisteners.js","arrowAnonymousFunction-test/unit_tests/eventsnestedemitterlisteners.js-11-13"]},"emitter-test/unit_tests/eventsnestedemitterlisteners.js-24-26":{"impacted":["test/unit_tests/eventsnestedemitterlisteners.js","adder-test/unit_tests/eventsnestedemitterlisteners.js-15-17","arrowAnonymousFunction-test/unit_tests/eventsnestedemitterlisteners.js-11-13","listner1-test/unit_tests/eventsnestedemitterlisteners.js-4-6"]},"test/unit_tests/eventsnestedemitterlisteners.js":{"impacted":["emitter-test/unit_tests/eventsnestedemitterlisteners.js-24-26"]},"arrowAnonymousFunction-test/unit_tests/eventsnestedemitterlisteners.js-11-13":{"impacted":["adder2-test/unit_tests/eventsnestedemitterlisteners.js-19-22","listner2-test/unit_tests/eventsnestedemitterlisteners.js-7-9","listner1-test/unit_tests/eventsnestedemitterlisteners.js-4-6"]}}