{"emitter-test/unit_tests/eventsemitthenaddlistenerdependency.js-12-14":{"impacted":["test/unit_tests/eventsemitthenaddlistenerdependency.js"]},"adderFunction-test/unit_tests/eventsemitthenaddlistenerdependency.js-8-10":{"impacted":["test/unit_tests/eventsemitthenaddlistenerdependency.js"]}}