{"emitter-test/unit_tests/eventsanonymouslistener.js-10-12":{"impacted":["test/unit_tests/eventsanonymouslistener.js","arrowAnonymousFunction-test/unit_tests/eventsanonymouslistener.js-5-7"]},"test/unit_tests/eventsanonymouslistener.js":{"impacted":["emitter-test/unit_tests/eventsanonymouslistener.js-10-12"]},"emitter2-test/unit_tests/eventsanonymouslistener.js-14-16":{"impacted":["test/unit_tests/eventsanonymouslistener.js"]}}