{"talk-test/unit_tests/fieldputandget.js-4-6":{"impacted":["test/unit_tests/fieldputandget.js"]},"test/unit_tests/fieldputandget.js":{"impacted":["talk-test/unit_tests/fieldputandget.js-4-6"]}}