{"arrowAnonymousFunction-test/unit_tests/functioncall_3.js-1-5":{"impacted":["test/unit_tests/functioncall_3.js"]}}