{"callee-test/inputs/simplemodule.js-1-5":{"impacted":["test/unit_tests/functioncallrequiremodule.js"]}}