{"test/unit_tests/immediatesingleknownfunction.js":{"impacted":["foo-test/unit_tests/immediatesingleknownfunction.js-1-3"]}}