{"big-test/unit_tests/variablesgloballetandlocallet.js-3-10":{"impacted":["test/unit_tests/variablesgloballetandlocallet.js"]},"caller1-test/unit_tests/variablesgloballetandlocallet.js-4-7":{"impacted":["big-test/unit_tests/variablesgloballetandlocallet.js-3-10"]},"big2-test/unit_tests/variablesgloballetandlocallet.js-12-20":{"impacted":["test/unit_tests/variablesgloballetandlocallet.js"]},"caller3-test/unit_tests/variablesgloballetandlocallet.js-14-17":{"impacted":["big2-test/unit_tests/variablesgloballetandlocallet.js-12-20","caller3-test/unit_tests/variablesgloballetandlocallet.js-14-17"]},"test/unit_tests/variablesgloballetandlocallet.js":{"impacted":["caller3-test/unit_tests/variablesgloballetandlocallet.js-14-17"]}}