{"big-test/unit_tests/variablesglobalthisandlocalthis.js-3-11":{"impacted":["test/unit_tests/variablesglobalthisandlocalthis.js"]},"caller1-test/unit_tests/variablesglobalthisandlocalthis.js-4-7":{"impacted":["big-test/unit_tests/variablesglobalthisandlocalthis.js-3-11","caller1-test/unit_tests/variablesglobalthisandlocalthis.js-4-7","caller2-test/unit_tests/variablesglobalthisandlocalthis.js-15-18","caller3-test/unit_tests/variablesglobalthisandlocalthis.js-20-23"]},"big2-test/unit_tests/variablesglobalthisandlocalthis.js-13-27":{"impacted":["test/unit_tests/variablesglobalthisandlocalthis.js"]},"caller2-test/unit_tests/variablesglobalthisandlocalthis.js-15-18":{"impacted":["big2-test/unit_tests/variablesglobalthisandlocalthis.js-13-27","caller2-test/unit_tests/variablesglobalthisandlocalthis.js-15-18","caller3-test/unit_tests/variablesglobalthisandlocalthis.js-20-23"]},"caller3-test/unit_tests/variablesglobalthisandlocalthis.js-20-23":{"impacted":["big2-test/unit_tests/variablesglobalthisandlocalthis.js-13-27","caller3-test/unit_tests/variablesglobalthisandlocalthis.js-20-23"]}}