{"keyMap":{"t_1":"callbackchaindifferentcalls.js-test/unit_tests/callbackchaindifferentcalls.js-1-28","t_31":"arrowAnonymousFunction-test/unit_tests/callbackchaindifferentcalls.js-3-19","t_41":"arrowAnonymousFunction-test/unit_tests/callbackchaindifferentcalls.js-22-28","t_112":"arrowAnonymousFunction-test/unit_tests/callbackchaindifferentcalls.js-26-26","t_72":"arrowAnonymousFunction-test/unit_tests/callbackchaindifferentcalls.js-7-12","t_160":"arrowAnonymousFunction-test/unit_tests/callbackchaindifferentcalls.js-9-11","t_82":"arrowAnonymousFunction-test/unit_tests/callbackchaindifferentcalls.js-15-17"}}