{"callbackFunction-test/unit_tests/callbackoncallablefunctionearlycall.js-3-5":{"impacted":["test/unit_tests/callbackoncallablefunctionearlycall.js"]},"test/unit_tests/callbackoncallablefunctionearlycall.js":{"impacted":["callbackFunction-test/unit_tests/callbackoncallablefunctionearlycall.js-3-5"]},"caller-test/unit_tests/callbackoncallablefunctionearlycall.js-7-10":{"impacted":["test/unit_tests/callbackoncallablefunctionearlycall.js"]}}