{"StyleContextStack-test/unit_tests/classinnerfunctionforeach.js-1-25":{"impacted":["t_1"]},"auto-test/unit_tests/classinnerfunctionforeach.js-20-23":{"impacted":["t_1","t_12"]},"test/unit_tests/classinnerfunctionforeach.js":{"impacted":["t_7"]},"autopush-test/unit_tests/classinnerfunctionforeach.js-3-18":{"impacted":["t_7","t_200"]},"test-test/unit_tests/classinnerfunctionforeach.js-32-34":{"impacted":["t_200"]},"arrowAnonymousFunction-test/unit_tests/classinnerfunctionforeach.js-28-30":{"impacted":["t_7"]},"keyMap":{"t_1":"test/unit_tests/classinnerfunctionforeach.js","t_5":"StyleContextStack-test/unit_tests/classinnerfunctionforeach.js-1-25","t_7":"auto-test/unit_tests/classinnerfunctionforeach.js-20-23","t_12":"autopush-test/unit_tests/classinnerfunctionforeach.js-3-18","t_200":"arrowAnonymousFunction-test/unit_tests/classinnerfunctionforeach.js-13-16","t_25":"test-test/unit_tests/classinnerfunctionforeach.js-32-34","t_71":"arrowAnonymousFunction-test/unit_tests/classinnerfunctionforeach.js-28-30"}}