{"TextInlines-test/unit_tests/classinnerfunctionevent.js-3-19":{"impacted":["t_1"]},"test/unit_tests/classinnerfunctionevent.js":{"impacted":["t_7"]},"buildInlines-test/unit_tests/classinnerfunctionevent.js-8-18":{"impacted":["t_1"]},"keyMap":{"t_1":"test/unit_tests/classinnerfunctionevent.js","t_7":"TextInlines-test/unit_tests/classinnerfunctionevent.js-3-19","t_13":"buildInlines-test/unit_tests/classinnerfunctionevent.js-8-18","t_23":"listner1-test/unit_tests/classinnerfunctionevent.js-11-13"}}