{"TextInlines-test/unit_tests/classinnerfunctionfunctioncall.js-3-17":{"impacted":["t_1"]},"classinnerfunctionfunctioncall.js-test/unit_tests/classinnerfunctionfunctioncall.js-1-21":{"impacted":["t_7","t_13"]},"buildInlines-test/unit_tests/classinnerfunctionfunctioncall.js-9-16":{"impacted":["t_1","t_19"]},"getTrimmedWidth-test/unit_tests/classinnerfunctionfunctioncall.js-10-12":{"impacted":["t_13"]},"keyMap":{"t_1":"classinnerfunctionfunctioncall.js-test/unit_tests/classinnerfunctionfunctioncall.js-1-21","t_7":"TextInlines-test/unit_tests/classinnerfunctionfunctioncall.js-3-17","t_13":"buildInlines-test/unit_tests/classinnerfunctionfunctioncall.js-9-16","t_19":"getTrimmedWidth-test/unit_tests/classinnerfunctionfunctioncall.js-10-12"}}