{"adderFunction-test/unit_tests/eventsaddlistenerthenemitdependency.js-8-10":{"impacted":["t_1","t_8"]},"emitter-test/unit_tests/eventsaddlistenerthenemitdependency.js-12-14":{"impacted":["t_1","t_4","t_7"]},"keyMap":{"t_1":"eventsaddlistenerthenemitdependency.js-test/unit_tests/eventsaddlistenerthenemitdependency.js-1-17","t_4":"adderFunction-test/unit_tests/eventsaddlistenerthenemitdependency.js-8-10","t_7":"listner1-test/unit_tests/eventsaddlistenerthenemitdependency.js-4-6","t_8":"emitter-test/unit_tests/eventsaddlistenerthenemitdependency.js-12-14"}}