{"adder-test/unit_tests/eventsoncelistener.js-8-10":{"impacted":["t_1","t_12"]},"adder2-test/unit_tests/eventsoncelistener.js-11-13":{"impacted":["t_1"]},"emitter-test/unit_tests/eventsoncelistener.js-15-19":{"impacted":["t_1","t_4","t_7"]},"keyMap":{"t_1":"eventsoncelistener.js-test/unit_tests/eventsoncelistener.js-1-24","t_4":"adder-test/unit_tests/eventsoncelistener.js-8-10","t_7":"listner1-test/unit_tests/eventsoncelistener.js-4-6","t_8":"adder2-test/unit_tests/eventsoncelistener.js-11-13","t_12":"emitter-test/unit_tests/eventsoncelistener.js-15-19"}}