{"adder-test/unit_tests/eventsdifferentemitters.js-17-19":{"impacted":["t_1","t_49"]},"adder2-test/unit_tests/eventsdifferentemitters.js-20-22":{"impacted":["t_1"]},"adder3-test/unit_tests/eventsdifferentemitters.js-24-26":{"impacted":["t_1","t_42"]},"emitter-test/unit_tests/eventsdifferentemitters.js-28-30":{"impacted":["t_1","t_35","t_38"]},"emitter2-test/unit_tests/eventsdifferentemitters.js-31-33":{"impacted":["t_1","t_21","t_24"]},"keyMap":{"t_1":"test/unit_tests/eventsdifferentemitters.js","t_21":"adder-test/unit_tests/eventsdifferentemitters.js-17-19","t_28":"adder2-test/unit_tests/eventsdifferentemitters.js-20-22","t_35":"adder3-test/unit_tests/eventsdifferentemitters.js-24-26","t_42":"emitter-test/unit_tests/eventsdifferentemitters.js-28-30","t_38":"listner3-test/unit_tests/eventsdifferentemitters.js-13-15","t_49":"emitter2-test/unit_tests/eventsdifferentemitters.js-31-33","t_24":"listner1-test/unit_tests/eventsdifferentemitters.js-5-7"}}