{"talk-test/unit_tests/fieldputandget.js-4-6":{"impacted":["t_1"]},"test/unit_tests/fieldputandget.js":{"impacted":["t_5"]},"keyMap":{"t_1":"test/unit_tests/fieldputandget.js","t_5":"talk-test/unit_tests/fieldputandget.js-4-6"}}