{"talk-test/unit_tests/fieldputandgetanotherobject.js-12-15":{"impacted":["t_1","t_11"]},"talk-test/unit_tests/fieldputandgetanotherobject.js-4-6":{"impacted":["t_4"]},"keyMap":{"t_1":"test/unit_tests/fieldputandgetanotherobject.js","t_4":"talk-test/unit_tests/fieldputandgetanotherobject.js-12-15","t_11":"talk-test/unit_tests/fieldputandgetanotherobject.js-4-6"}}