{"callee-test/inputs/simplemodule.js-1-5":{"impacted":["t_1"]},"keyMap":{"t_1":"test/unit_tests/functioncallrequiremodule.js","t_5":"test/inputs/simplemodule.js","t_21":"callee-test/inputs/simplemodule.js-1-5"}}