{"callee-test/unit_tests/functioncall_1.js-1-5":{"impacted":["t_1"]},"keyMap":{"t_1":"functioncall_1.js-test/unit_tests/functioncall_1.js-1-7","t_2":"callee-test/unit_tests/functioncall_1.js-1-5"}}