{"callee-test/unit_tests/functioncall_2.js-1-5":{"impacted":["t_1"]},"keyMap":{"t_1":"test/unit_tests/functioncall_2.js","t_3":"callee-test/unit_tests/functioncall_2.js-1-5"}}