{"callee4-test/inputs/simplemodule.js-16-20":{"impacted":["t_1"]},"callee2-test/inputs/simplemodule.js-6-10":{"impacted":["t_21"]},"callee3-test/inputs/simplemodule.js-11-15":{"impacted":["t_26"]},"keyMap":{"t_1":"test/unit_tests/functioncallnestedrequiremodulenoargs.js","t_5":"test/inputs/simplemodule.js","t_21":"callee4-test/inputs/simplemodule.js-16-20","t_26":"callee2-test/inputs/simplemodule.js-6-10","t_30":"callee3-test/inputs/simplemodule.js-11-15"}}