{"arrowAnonymousFunction-test/unit_tests/functioncall_3.js-1-5":{"impacted":["t_1"]},"keyMap":{"t_1":"functioncall_3.js-test/unit_tests/functioncall_3.js-1-5","t_2":"arrowAnonymousFunction-test/unit_tests/functioncall_3.js-1-5"}}