{"keyMap":{"t_1":"test/unit_tests/immediatesingleanonymousfunctionnoargs.js","t_3":"test/unit_tests/immediatesingleanonymousfunctionnoargs.js"}}