{"timeoutmultipletimeouts.js-test/unit_tests/timeoutmultipletimeouts.js-1-13":{"impacted":["t_3"]},"keyMap":{"t_1":"timeoutmultipletimeouts.js-test/unit_tests/timeoutmultipletimeouts.js-1-13","t_3":"myFunction-test/unit_tests/timeoutmultipletimeouts.js-10-12"}}