{"foo-test/unit_tests/timeoutfakeknownfunction.js-7-9":{"impacted":["t_1","t_8"]},"setTimeout-test/unit_tests/timeoutfakeknownfunction.js-11-13":{"impacted":["t_5"]},"keyMap":{"t_1":"test/unit_tests/timeoutfakeknownfunction.js","t_5":"foo-test/unit_tests/timeoutfakeknownfunction.js-7-9","t_8":"setTimeout-test/unit_tests/timeoutfakeknownfunction.js-11-13"}}