{"big-test/unit_tests/variablesglobalthisandlocallet.js-3-11":{"impacted":["test/unit_tests/variablesglobalthisandlocallet.js"]},"caller1-test/unit_tests/variablesglobalthisandlocallet.js-4-7":{"impacted":["big-test/unit_tests/variablesglobalthisandlocallet.js-3-11"]},"big2-test/unit_tests/variablesglobalthisandlocallet.js-13-22":{"impacted":["test/unit_tests/variablesglobalthisandlocallet.js"]}}