{"big-test/unit_tests/variablesgloballetandlocallet.js-3-10":{"impacted":["t_1"]},"caller1-test/unit_tests/variablesgloballetandlocallet.js-4-7":{"impacted":["t_5"]},"big2-test/unit_tests/variablesgloballetandlocallet.js-12-20":{"impacted":["t_1"]},"caller3-test/unit_tests/variablesgloballetandlocallet.js-14-17":{"impacted":["t_15","t_19"]},"test/unit_tests/variablesgloballetandlocallet.js":{"impacted":["t_19"]},"keyMap":{"t_1":"test/unit_tests/variablesgloballetandlocallet.js","t_5":"big-test/unit_tests/variablesgloballetandlocallet.js-3-10","t_9":"caller1-test/unit_tests/variablesgloballetandlocallet.js-4-7","t_15":"big2-test/unit_tests/variablesgloballetandlocallet.js-12-20","t_19":"caller3-test/unit_tests/variablesgloballetandlocallet.js-14-17"}}