{"big-test/unit_tests/variablesglobalandlocallet.js-3-12":{"impacted":["test/unit_tests/variablesglobalandlocallet.js"]},"caller1-test/unit_tests/variablesglobalandlocallet.js-4-8":{"impacted":["big-test/unit_tests/variablesglobalandlocallet.js-3-12"]},"big2-test/unit_tests/variablesglobalandlocallet.js-14-22":{"impacted":["test/unit_tests/variablesglobalandlocallet.js"]},"caller3-test/unit_tests/variablesglobalandlocallet.js-16-19":{"impacted":["big2-test/unit_tests/variablesglobalandlocallet.js-14-22","caller3-test/unit_tests/variablesglobalandlocallet.js-16-19"]},"test/unit_tests/variablesglobalandlocallet.js":{"impacted":["caller3-test/unit_tests/variablesglobalandlocallet.js-16-19"]}}