{"big-test/unit_tests/variablesglobalthisandlocalthis.js-3-11":{"impacted":["t_1"]},"caller1-test/unit_tests/variablesglobalthisandlocalthis.js-4-7":{"impacted":["t_6","t_10","t_23","t_31"]},"big2-test/unit_tests/variablesglobalthisandlocalthis.js-13-27":{"impacted":["t_1"]},"caller2-test/unit_tests/variablesglobalthisandlocalthis.js-15-18":{"impacted":["t_18","t_23","t_31"]},"caller3-test/unit_tests/variablesglobalthisandlocalthis.js-20-23":{"impacted":["t_18","t_31"]},"keyMap":{"t_1":"test/unit_tests/variablesglobalthisandlocalthis.js","t_6":"big-test/unit_tests/variablesglobalthisandlocalthis.js-3-11","t_10":"caller1-test/unit_tests/variablesglobalthisandlocalthis.js-4-7","t_18":"big2-test/unit_tests/variablesglobalthisandlocalthis.js-13-27","t_23":"caller2-test/unit_tests/variablesglobalthisandlocalthis.js-15-18","t_31":"caller3-test/unit_tests/variablesglobalthisandlocalthis.js-20-23"}}