{"big-test/unit_tests/variablesglobalthis.js-3-11":{"impacted":["t_1"]},"caller1-test/unit_tests/variablesglobalthis.js-4-7":{"impacted":["t_6","t_10","t_20"]},"big2-test/unit_tests/variablesglobalthis.js-13-21":{"impacted":["t_1"]},"caller3-test/unit_tests/variablesglobalthis.js-15-18":{"impacted":["t_16","t_20"]},"keyMap":{"t_1":"test/unit_tests/variablesglobalthis.js","t_6":"big-test/unit_tests/variablesglobalthis.js-3-11","t_10":"caller1-test/unit_tests/variablesglobalthis.js-4-7","t_16":"big2-test/unit_tests/variablesglobalthis.js-13-21","t_20":"caller3-test/unit_tests/variablesglobalthis.js-15-18"}}