{"big-test/unit_tests/variablesglobalandlocalthis.js-3-11":{"impacted":["t_1"]},"caller1-test/unit_tests/variablesglobalandlocalthis.js-4-7":{"impacted":["t_5","t_9","t_21"]},"variablesglobalandlocalthis.js-test/unit_tests/variablesglobalandlocalthis.js-1-29":{"impacted":["t_9","t_21"]},"big2-test/unit_tests/variablesglobalandlocalthis.js-13-20":{"impacted":["t_1"]},"caller2-test/unit_tests/variablesglobalandlocalthis.js-15-18":{"impacted":["t_17","t_21"]},"keyMap":{"t_1":"variablesglobalandlocalthis.js-test/unit_tests/variablesglobalandlocalthis.js-1-29","t_5":"big-test/unit_tests/variablesglobalandlocalthis.js-3-11","t_9":"caller1-test/unit_tests/variablesglobalandlocalthis.js-4-7","t_17":"big2-test/unit_tests/variablesglobalandlocalthis.js-13-20","t_21":"caller2-test/unit_tests/variablesglobalandlocalthis.js-15-18"}}