{"keyMap":{"t_1":"callbackchainforloop.js-test/unit_tests/callbackchainforloop.js-1-19","t_31":"arrowAnonymousFunction-test/unit_tests/callbackchainforloop.js-3-19","t_70":"arrowAnonymousFunction-test/unit_tests/callbackchainforloop.js-7-17","t_102":"arrowAnonymousFunction-test/unit_tests/callbackchainforloop.js-8-16","t_140":"arrowAnonymousFunction-test/unit_tests/callbackchainforloop.js-13-14"}}