{"firstOne-test/unit_tests/callchain.js-2-5":{"callers":[],"tests":["t_1"]},"secondOne-test/unit_tests/callchain.js-8-11":{"callers":[],"tests":["t_2"]},"fifthOne-test/unit_tests/callchain.js-13-15":{"callers":[],"tests":["t_5"]},"keyMap":{"t_1":"callchain.js-test/unit_tests/callchain.js-1-17","t_2":"firstOne-test/unit_tests/callchain.js-2-5","t_5":"secondOne-test/unit_tests/callchain.js-8-11","t_8":"fifthOne-test/unit_tests/callchain.js-13-15"}}