{"classinnerfunctionevent.js-test/unit_tests/classinnerfunctionevent.js-1-23":{"impacted":["t_3"]},"buildInlines-test/unit_tests/classinnerfunctionevent.js-8-18":{"impacted":["t_6"]},"keyMap":{"t_1":"classinnerfunctionevent.js-test/unit_tests/classinnerfunctionevent.js-1-23","t_3":"TextInlines-test/unit_tests/classinnerfunctionevent.js-3-19","t_6":"buildInlines-test/unit_tests/classinnerfunctionevent.js-8-18","t_10":"listner1-test/unit_tests/classinnerfunctionevent.js-11-13"}}