{"TextInlines-test/unit_tests/classinnerfunctionfunctioncall.js-3-17":{"callers":[],"tests":["t_1"]},"buildInlines-test/unit_tests/classinnerfunctionfunctioncall.js-9-16":{"callers":[],"tests":["t_1"]},"getTrimmedWidth-test/unit_tests/classinnerfunctionfunctioncall.js-10-12":{"callers":[],"tests":["t_6"]},"keyMap":{"t_1":"classinnerfunctionfunctioncall.js-test/unit_tests/classinnerfunctionfunctioncall.js-1-21","t_3":"TextInlines-test/unit_tests/classinnerfunctionfunctioncall.js-3-17","t_6":"buildInlines-test/unit_tests/classinnerfunctionfunctioncall.js-9-16","t_9":"getTrimmedWidth-test/unit_tests/classinnerfunctionfunctioncall.js-10-12"}}