{"TextInlines-test/unit_tests/classinnerfunctiontimeout.js-1-20":{"callers":[],"tests":["t_1"]},"buildInlines-test/unit_tests/classinnerfunctiontimeout.js-6-19":{"callers":[],"tests":["t_1"]},"myFunction-test/unit_tests/classinnerfunctiontimeout.js-14-16":{"callers":[],"tests":["t_5"]},"arrowFunction-test/unit_tests/classinnerfunctiontimeout.js-10-12":{"callers":[],"tests":["t_5"]},"keyMap":{"t_1":"classinnerfunctiontimeout.js-test/unit_tests/classinnerfunctiontimeout.js-1-24","t_2":"TextInlines-test/unit_tests/classinnerfunctiontimeout.js-1-20","t_5":"buildInlines-test/unit_tests/classinnerfunctiontimeout.js-6-19","t_8":"myFunction-test/unit_tests/classinnerfunctiontimeout.js-14-16","t_10":"arrowFunction-test/unit_tests/classinnerfunctiontimeout.js-10-12"}}