{"eventsanonymouslistener.js-test/unit_tests/eventsanonymouslistener.js-1-10":{"callers":[],"tests":["t_1"]},"arrowFunction-test/unit_tests/eventsanonymouslistener.js-5-7":{"callers":[],"tests":["t_1"]},"keyMap":{"t_1":"eventsanonymouslistener.js-test/unit_tests/eventsanonymouslistener.js-1-10","t_4":"arrowFunction-test/unit_tests/eventsanonymouslistener.js-5-7"}}