{"adderFunction-test/unit_tests/eventsaddknownlistenerdependency.js-8-10":{"impacted":["t_12"]},"thidOne-test/unit_tests/eventsaddknownlistenerdependency.js-17-19":{"impacted":["t_4","t_7"]},"keyMap":{"t_1":"eventsaddknownlistenerdependency.js-test/unit_tests/eventsaddknownlistenerdependency.js-1-23","t_4":"adderFunction-test/unit_tests/eventsaddknownlistenerdependency.js-8-10","t_7":"listner1-test/unit_tests/eventsaddknownlistenerdependency.js-4-6","t_8":"adderFunction2-test/unit_tests/eventsaddknownlistenerdependency.js-13-15","t_12":"thidOne-test/unit_tests/eventsaddknownlistenerdependency.js-17-19"}}