{"arrowAnonymousFunction-test/unit_tests/immediatesingleanonymousfunctiongetargs.js-1-3":{"impacted":["t_1"]},"keyMap":{"t_1":"arrowAnonymousFunction-test/unit_tests/immediatesingleanonymousfunctiongetargs.js-1-3"}}