{"keyMap":{"t_1":"immediatesingleknownfunctiongetargsnopass.js-test/unit_tests/immediatesingleknownfunctiongetargsnopass.js-1-5","t_3":"foo-test/unit_tests/immediatesingleknownfunctiongetargsnopass.js-1-3"}}