{"immediatesingleknownfunctiongetargs.js-test/unit_tests/immediatesingleknownfunctiongetargs.js-1-5":{"impacted":["t_2"]},"keyMap":{"t_1":"immediatesingleknownfunctiongetargs.js-test/unit_tests/immediatesingleknownfunctiongetargs.js-1-5","t_2":"foo-test/unit_tests/immediatesingleknownfunctiongetargs.js-1-3"}}