{"bar-test/unit_tests/timeoutzero.js-1-3":{"callers":[],"tests":["t_1"]},"keyMap":{"t_1":"timeoutzero.js-test/unit_tests/timeoutzero.js-1-5","t_2":"bar-test/unit_tests/timeoutzero.js-1-3"}}