{"keyMap":{"t_1":"timeoutsingleanonymousfunctiongetargsnopass.js-test/unit_tests/timeoutsingleanonymousfunctiongetargsnopass.js-1-3","t_2":"arrowAnonymousFunction-test/unit_tests/timeoutsingleanonymousfunctiongetargsnopass.js-1-3"}}